==12845== Memcheck, a memory error detector
==12845== Copyright (C) 2002-2017, and GNU GPL'd, by Julian Seward et al.
==12845== Using Valgrind-3.18.1 and LibVEX; rerun with -h for copyright info
==12845== Command: ./freebad
==12845== Parent PID: 12838
==12845== 
==12845== Invalid free() / delete / delete[] / realloc()
==12845==    at 0x484B27F: free (in /usr/libexec/valgrind/vgpreload_memcheck-amd64-linux.so)
==12845==    by 0x109194: main (freebad.c:5)
==12845==  Address 0x4a90108 is 200 bytes inside a block of size 400 alloc'd
==12845==    at 0x4848899: malloc (in /usr/libexec/valgrind/vgpreload_memcheck-amd64-linux.so)
==12845==    by 0x10917E: main (freebad.c:4)
==12845== 
==12845== 
==12845== HEAP SUMMARY:
==12845==     in use at exit: 400 bytes in 1 blocks
==12845==   total heap usage: 1 allocs, 1 frees, 400 bytes allocated
==12845== 
==12845== 400 bytes in 1 blocks are definitely lost in loss record 1 of 1
==12845==    at 0x4848899: malloc (in /usr/libexec/valgrind/vgpreload_memcheck-amd64-linux.so)
==12845==    by 0x10917E: main (freebad.c:4)
==12845== 
==12845== LEAK SUMMARY:
==12845==    definitely lost: 400 bytes in 1 blocks
==12845==    indirectly lost: 0 bytes in 0 blocks
==12845==      possibly lost: 0 bytes in 0 blocks
==12845==    still reachable: 0 bytes in 0 blocks
==12845==         suppressed: 0 bytes in 0 blocks
==12845== 
==12845== For lists of detected and suppressed errors, rerun with: -s
==12845== ERROR SUMMARY: 2 errors from 2 contexts (suppressed: 0 from 0)
