==11525== Memcheck, a memory error detector
==11525== Copyright (C) 2002-2017, and GNU GPL'd, by Julian Seward et al.
==11525== Using Valgrind-3.18.1 and LibVEX; rerun with -h for copyright info
==11525== Command: ./null
==11525== Parent PID: 11518
==11525== 
==11525== Invalid write of size 4
==11525==    at 0x10913D: main (null.c:4)
==11525==  Address 0x0 is not stack'd, malloc'd or (recently) free'd
==11525== 
==11525== 
==11525== Process terminating with default action of signal 11 (SIGSEGV)
==11525==  Access not within mapped region at address 0x0
==11525==    at 0x10913D: main (null.c:4)
==11525==  If you believe this happened as a result of a stack
==11525==  overflow in your program's main thread (unlikely but
==11525==  possible), you can try to increase the size of the
==11525==  main thread stack using the --main-stacksize= flag.
==11525==  The main thread stack size used in this run was 8388608.
==11525== 
==11525== HEAP SUMMARY:
==11525==     in use at exit: 0 bytes in 0 blocks
==11525==   total heap usage: 0 allocs, 0 frees, 0 bytes allocated
==11525== 
==11525== All heap blocks were freed -- no leaks are possible
==11525== 
==11525== For lists of detected and suppressed errors, rerun with: -s
==11525== ERROR SUMMARY: 1 errors from 1 contexts (suppressed: 0 from 0)
